###############################################################################
#
# IAR ELF Linker V8.30.1.114/W32 for ARM                  31/Mar/2019  23:03:13
# Copyright 2007-2018 IAR Systems AB.
#
#    Output file  =  
#        C:\Users\65767\Desktop\smartcar\my_proj(1)\Prj\IAR\DZ10_Debug\Exe\vcan_Kinetis.out
#    Map file     =  
#        C:\Users\65767\Desktop\smartcar\my_proj(1)\Prj\IAR\DZ10_Debug\List\vcan_Kinetis.map
#    Command line =  
#        -f C:\Users\65767\AppData\Local\Temp\EW54CA.tmp
#        ("C:\Users\65767\Desktop\smartcar\my_proj(1)\Prj\IAR\DZ10_Debug\Obj\k60_camera.o"
#        "C:\Users\65767\Desktop\smartcar\my_proj(1)\Prj\IAR\DZ10_Debug\Obj\k60_motor.o"
#        "C:\Users\65767\Desktop\smartcar\my_proj(1)\Prj\IAR\DZ10_Debug\Obj\k60_pid.o"
#        "C:\Users\65767\Desktop\smartcar\my_proj(1)\Prj\IAR\DZ10_Debug\Obj\k60_servo.o"
#        "C:\Users\65767\Desktop\smartcar\my_proj(1)\Prj\IAR\DZ10_Debug\Obj\main.o"
#        "C:\Users\65767\Desktop\smartcar\my_proj(1)\Prj\IAR\DZ10_Debug\Obj\misc.o"
#        "C:\Users\65767\Desktop\smartcar\my_proj(1)\Prj\IAR\DZ10_Debug\Obj\MK60_adc.o"
#        "C:\Users\65767\Desktop\smartcar\my_proj(1)\Prj\IAR\DZ10_Debug\Obj\MK60_conf.o"
#        "C:\Users\65767\Desktop\smartcar\my_proj(1)\Prj\IAR\DZ10_Debug\Obj\MK60_dac.o"
#        "C:\Users\65767\Desktop\smartcar\my_proj(1)\Prj\IAR\DZ10_Debug\Obj\MK60_dma.o"
#        "C:\Users\65767\Desktop\smartcar\my_proj(1)\Prj\IAR\DZ10_Debug\Obj\MK60_DWT.o"
#        "C:\Users\65767\Desktop\smartcar\my_proj(1)\Prj\IAR\DZ10_Debug\Obj\MK60_flash.o"
#        "C:\Users\65767\Desktop\smartcar\my_proj(1)\Prj\IAR\DZ10_Debug\Obj\MK60_ftm.o"
#        "C:\Users\65767\Desktop\smartcar\my_proj(1)\Prj\IAR\DZ10_Debug\Obj\MK60_gpio.o"
#        "C:\Users\65767\Desktop\smartcar\my_proj(1)\Prj\IAR\DZ10_Debug\Obj\MK60_i2c.o"
#        "C:\Users\65767\Desktop\smartcar\my_proj(1)\Prj\IAR\DZ10_Debug\Obj\MK60_it.o"
#        "C:\Users\65767\Desktop\smartcar\my_proj(1)\Prj\IAR\DZ10_Debug\Obj\MK60_lptmr.o"
#        "C:\Users\65767\Desktop\smartcar\my_proj(1)\Prj\IAR\DZ10_Debug\Obj\MK60_mcg.o"
#        "C:\Users\65767\Desktop\smartcar\my_proj(1)\Prj\IAR\DZ10_Debug\Obj\MK60_PIT.o"
#        "C:\Users\65767\Desktop\smartcar\my_proj(1)\Prj\IAR\DZ10_Debug\Obj\MK60_port.o"
#        "C:\Users\65767\Desktop\smartcar\my_proj(1)\Prj\IAR\DZ10_Debug\Obj\MK60_rtc.o"
#        "C:\Users\65767\Desktop\smartcar\my_proj(1)\Prj\IAR\DZ10_Debug\Obj\MK60_spi.o"
#        "C:\Users\65767\Desktop\smartcar\my_proj(1)\Prj\IAR\DZ10_Debug\Obj\MK60_SysTick.o"
#        "C:\Users\65767\Desktop\smartcar\my_proj(1)\Prj\IAR\DZ10_Debug\Obj\MK60_uart.o"
#        "C:\Users\65767\Desktop\smartcar\my_proj(1)\Prj\IAR\DZ10_Debug\Obj\MK60_wdog.o"
#        "C:\Users\65767\Desktop\smartcar\my_proj(1)\Prj\IAR\DZ10_Debug\Obj\startup_MK60DZ10.o"
#        "C:\Users\65767\Desktop\smartcar\my_proj(1)\Prj\IAR\DZ10_Debug\Obj\system_MK60DZ10.o"
#        "C:\Users\65767\Desktop\smartcar\my_proj(1)\Prj\IAR\DZ10_Debug\Obj\VCAN_camera.o"
#        "C:\Users\65767\Desktop\smartcar\my_proj(1)\Prj\IAR\DZ10_Debug\Obj\VCAN_computer.o"
#        "C:\Users\65767\Desktop\smartcar\my_proj(1)\Prj\IAR\DZ10_Debug\Obj\VCAN_key.o"
#        "C:\Users\65767\Desktop\smartcar\my_proj(1)\Prj\IAR\DZ10_Debug\Obj\VCAN_LED.o"
#        "C:\Users\65767\Desktop\smartcar\my_proj(1)\Prj\IAR\DZ10_Debug\Obj\VCAN_MMA7455.o"
#        "C:\Users\65767\Desktop\smartcar\my_proj(1)\Prj\IAR\DZ10_Debug\Obj\VCAN_NRF24L0.o"
#        "C:\Users\65767\Desktop\smartcar\my_proj(1)\Prj\IAR\DZ10_Debug\Obj\VCAN_OV7725_Eagle.o"
#        "C:\Users\65767\Desktop\smartcar\my_proj(1)\Prj\IAR\DZ10_Debug\Obj\VCAN_RTC_count.o"
#        "C:\Users\65767\Desktop\smartcar\my_proj(1)\Prj\IAR\DZ10_Debug\Obj\VCAN_SCCB.o"
#        "C:\Users\65767\Desktop\smartcar\my_proj(1)\Prj\IAR\DZ10_Debug\Obj\vectors.o"
#        --redirect _Printf=_PrintfLargeNoMb --redirect _Scanf=_ScanfLargeNoMb
#        --no_out_extension -o
#        "C:\Users\65767\Desktop\smartcar\my_proj(1)\Prj\IAR\DZ10_Debug\Exe\vcan_Kinetis.out"
#        --map
#        "C:\Users\65767\Desktop\smartcar\my_proj(1)\Prj\IAR\DZ10_Debug\List\vcan_Kinetis.map"
#        --config "C:\Users\65767\Desktop\smartcar\my_proj(1)\Prj\IAR\config
#        files\vcan_ROM_K60N512.icf"
#        "C:\Users\65767\Desktop\smartcar\my_proj(1)\Prj\IAR\..\..\Lib\CMSIS\iar_cortexM4l_math.a"
#        --entry __iar_program_start --vfe --text_out locale)
#
###############################################################################

*******************************************************************************
*** RUNTIME MODEL ATTRIBUTES
***

CppFlavor       = *
__SystemLibrary = DLib
__dlib_version  = 6


*******************************************************************************
*** HEAP SELECTION
***

The basic heap was selected because no calls to memory allocation
functions were found in the application outside of system library
functions, and there are calls to deallocation functions in the
application.


*******************************************************************************
*** PLACEMENT SUMMARY
***

"A0":  place at 0x0 { ro section .intvec };
"A1":  place at 0x410 { ro section .noinit };
define block CodeRelocate { section .textrw_init };
"P1":  place in [from 0x0 to 0x8'0000] { ro, block CodeRelocate };
define block CodeRelocateRam { section .textrw };
define block CSTACK with size = 4K, alignment = 8 { };
define block HEAP with size = 2K, alignment = 8 { };
"P2":  place in [from 0x1fff'0410 to 0x2001'0000] {
          rw, block CodeRelocateRam, block CSTACK, block HEAP };
initialize manually with packing = copy, complex ranges { section .data };
initialize manually with packing = copy, complex ranges { section .textrw };

  Section              Kind         Address    Size  Object
  -------              ----         -------    ----  ------
"A0":                                         0x410
  .intvec              const            0x0   0x410  vectors.o [1]
                                    - 0x410   0x410

"A1":                                           0x8
  .noinit              ro code        0x410     0x8  startup_MK60DZ10.o [1]
                                    - 0x418     0x8

"P1":                                        0x4c80
  .text                ro code        0x418   0xc2e  xprintflarge_nomb.o [2]
  .text                ro code       0x1046    0x3a  zero_init3.o [4]
  .text                ro code       0x1080    0x16  strchr.o [4]
  .rodata              const         0x1096     0x2  VCAN_camera.o [1]
  .text                ro code       0x1098    0x40  xfail_s.o [2]
  .text                ro code       0x10d8    0x36  strlen.o [4]
  .text                ro code       0x1110    0x58  memchr.o [4]
  .text                ro code       0x1168   0x230  I64DivMod.o [4]
  .text                ro code       0x1398   0x1a2  DblMul.o [3]
  .text                ro code       0x153c    0xa6  ABImemcpy.o [4]
  .text                ro code       0x15e4    0x70  frexp.o [3]
  .text                ro code       0x1654    0x2e  DblCmpLe.o [3]
  .text                ro code       0x1684   0x246  DblDiv.o [3]
  .text                ro code       0x18cc    0x28  DblToU32.o [3]
  .text                ro code       0x18f4    0x1a  U32ToDbl.o [3]
  .text                ro code       0x1910    0xe2  DblSub.o [3]
  .text                ro code       0x19f4     0x8  xlocale_c.o [2]
  .text                ro code       0x19fc     0x6  abort.o [2]
  .text                ro code       0x1a04     0x2  I64DivZer.o [4]
  .text                ro code       0x1a08   0x16a  DblAdd.o [3]
  .text                ro code       0x1b74     0xc  XXexit.o [4]
  .data_init                         0x1b80   0x894  <Block>
    Initializer bytes  const         0x1b80   0x894  <for .data-1>
  .text                ro code       0x2414   0x564  MK60_ftm.o [1]
  .text                ro code       0x2978    0xb8  MK60_port.o [1]
  Veneer               ro code       0x2a30     0x8  - Linker created -
  Veneer               ro code       0x2a38     0x8  - Linker created -
  .text                ro code       0x2a40   0x140  MK60_conf.o [1]
  .text                ro code       0x2b80    0x80  VCAN_LED.o [1]
  .text                ro code       0x2c00    0x28  printf.o [2]
  .text                ro code       0x2c28    0x60  MK60_SysTick.o [1]
  .text                ro code       0x2c88   0x22c  MK60_uart.o [1]
  .text                ro code       0x2eb4    0xa4  VCAN_key.o [1]
  .text                ro code       0x2f58   0x138  MK60_gpio.o [1]
  Veneer               ro code       0x3090     0x8  - Linker created -
  .text                ro code       0x3098   0x3a8  MK60_mcg.o [1]
  .text                ro code       0x3440   0x342  VCAN_SCCB.o [1]
  .text                ro code       0x3784   0x2dc  main.o [1]
  .text                ro code       0x3a60    0x7c  MK60_PIT.o [1]
  .text                ro code       0x3adc    0x50  misc.o [1]
  .text                ro code       0x3b2c    0x78  k60_pid.o [1]
  .text                ro code       0x3ba4   0x214  MK60_adc.o [1]
  .text                ro code       0x3db8    0x5c  k60_servo.o [1]
  .text                ro code       0x3e14    0xc8  k60_motor.o [1]
  .text                ro code       0x3edc   0x218  VCAN_OV7725_Eagle.o [1]
  .text                ro code       0x40f4    0x98  VCAN_camera.o [1]
  .text                ro code       0x418c   0x148  k60_camera.o [1]
  .text                ro code       0x42d4    0xe2  FltAdd.o [3]
  .text                ro code       0x43b8    0x24  FltCmpLe.o [3]
  .text                ro code       0x43dc    0x24  FltCmpGe.o [3]
  .text                ro code       0x4400    0x2a  FltToS32.o [3]
  .text                ro code       0x442c    0x1c  U32ToFlt.o [3]
  .text                ro code       0x4448    0xd8  FltMul.o [3]
  .text                ro code       0x4520    0xfc  FltDiv.o [3]
  .text                ro code       0x461c    0x48  FltToDbl.o [3]
  .text                ro code       0x4664    0x80  FltSub.o [3]
  .text                ro code       0x46e4    0x24  S32ToFlt.o [3]
  .text                ro code       0x4708   0x248  MK60_dma.o [1]
  CodeRelocate                       0x4950   0x1bc  <Block>
    Initializer bytes  const         0x4950   0x1bc  <for CodeRelocateRam-1>
  .text                ro code       0x4b0c   0x118  system_MK60DZ10.o [1]
  .text                ro code       0x4c24    0x40  MK60_wdog.o [1]
  .rodata              const         0x4c64    0x44  MK60_flash.o [1]
  .rodata              const         0x4ca8    0x44  MK60_SysTick.o [1]
  .rodata              const         0x4cec    0x40  MK60_adc.o [1]
  .rodata              const         0x4d2c    0x40  MK60_dma.o [1]
  .rodata              const         0x4d6c    0x40  MK60_ftm.o [1]
  .rodata              const         0x4dac    0x40  MK60_gpio.o [1]
  .rodata              const         0x4dec    0x40  MK60_PIT.o [1]
  .rodata              const         0x4e2c    0x40  MK60_uart.o [1]
  .rodata              const         0x4e6c    0x3c  misc.o [1]
  .rodata              const         0x4ea8    0x3c  MK60_conf.o [1]
  .text                ro code       0x4ee4    0x28  data_init.o [4]
  .rodata              const         0x4f0c    0x24  MK60_conf.o [1]
  .rodata              const         0x4f30    0x24  VCAN_OV7725_Eagle.o [1]
  .rodata              const         0x4f54    0x24  VCAN_OV7725_Eagle.o [1]
  .iar.init_table      const         0x4f78    0x10  - Linker created -
  .rodata              const         0x4f88    0x20  MK60_conf.o [1]
  .rodata              const         0x4fa8    0x20  VCAN_OV7725_Eagle.o [1]
  .text                ro code       0x4fc8    0x1e  cmain.o [4]
  .text                ro code       0x4fe6     0x4  low_level_init.o [2]
  .text                ro code       0x4fea     0x4  exit.o [2]
  .text                ro code       0x4ff0     0xa  cexit.o [4]
  .rodata              const         0x4ffc    0x18  VCAN_OV7725_Eagle.o [1]
  .rodata              const         0x5014    0x18  VCAN_OV7725_Eagle.o [1]
  .text                ro code       0x502c    0x16  xprout.o [2]
  .text                ro code       0x5044     0xc  putchar.o [2]
  .rodata              const         0x5050    0x14  MK60_conf.o [1]
  .rodata              const         0x5064    0x14  VCAN_OV7725_Eagle.o [1]
  .rodata              const         0x5078    0x10  main.o [1]
  .text                ro code       0x5088     0xc  cstartup_M.o [4]
  .rodata              const         0x5094     0x4  xlocale_c.o [2]
  .rodata              const         0x5098     0x0  zero_init3.o [4]
                                   - 0x5098  0x4c80

"P2", part 1 of 2:                            0xa50
  .data                         0x1fff'0410   0x894  <Block>
    .data-1                     0x1fff'0410   0x892  <Init block>
      .data            inited   0x1fff'0410     0x4  main.o [1]
      .data            inited   0x1fff'0414   0x708  MK60_conf.o [1]
      .data            inited   0x1fff'0b1c     0xc  MK60_ftm.o [1]
      .data            inited   0x1fff'0b28    0x14  MK60_gpio.o [1]
      .data            inited   0x1fff'0b3c    0x44  MK60_mcg.o [1]
      .data            inited   0x1fff'0b80     0x4  MK60_mcg.o [1]
      .data            inited   0x1fff'0b84    0x14  MK60_port.o [1]
      .data            inited   0x1fff'0b98    0x18  MK60_uart.o [1]
      .data            inited   0x1fff'0bb0     0x8  VCAN_key.o [1]
      .data            inited   0x1fff'0bb8     0x4  VCAN_LED.o [1]
      .data            inited   0x1fff'0bbc    0x64  VCAN_OV7725_Eagle.o [1]
      .data            inited   0x1fff'0c20    0x38  xlocale_c.o [2]
      .data            inited   0x1fff'0c58    0x48  xfiles.o [2]
      .data            inited   0x1fff'0ca0     0x1  VCAN_OV7725_Eagle.o [1]
      .data            inited   0x1fff'0ca1     0x1  VCAN_OV7725_Eagle.o [1]
  CodeRelocateRam               0x1fff'0ca4   0x1bc  <Block>
    CodeRelocateRam-1           0x1fff'0ca4   0x1bc  <Init block>
      Veneer           inited   0x1fff'0ca4     0x8  - Linker created -
      Veneer           inited   0x1fff'0cac     0x8  - Linker created -
      .textrw          inited   0x1fff'0cb4   0x164  MK60_flash.o [1]
      .textrw          inited   0x1fff'0e18    0x48  MK60_mcg.o [1]
                              - 0x1fff'0e60   0xa50

"P2", part 2 of 2:                            0x128
  .bss                          0x1fff'0e60   0x128  <Block>
    .bss               zero     0x1fff'0e60    0x24  main.o [1]
    .bss               zero     0x1fff'0e84    0x24  main.o [1]
    .bss               zero     0x1fff'0ea8    0x24  main.o [1]
    .bss               zero     0x1fff'0ecc     0x8  main.o [1]
    .bss               zero     0x1fff'0ed4    0x3c  main.o [1]
    .bss               zero     0x1fff'0f10     0x4  main.o [1]
    .bss               zero     0x1fff'0f14     0x4  main.o [1]
    .bss               zero     0x1fff'0f18     0xc  MK60_ftm.o [1]
    .bss               zero     0x1fff'0f24     0x4  system_MK60DZ10.o [1]
    .bss               zero     0x1fff'0f28     0x4  system_MK60DZ10.o [1]
    .bss               zero     0x1fff'0f2c     0x4  system_MK60DZ10.o [1]
    .bss               zero     0x1fff'0f30     0x4  VCAN_OV7725_Eagle.o [1]
    .bss               zero     0x1fff'0f34     0x4  xfail_s.o [2]
    .bss               zero     0x1fff'0f38    0x50  xfiles.o [2]
                              - 0x1fff'0f88   0x128

Unused ranges:

         From           To      Size
         ----           --      ----
       0x5098     0x8'0000  0x7'af69
  0x1fff'0f88  0x2001'0000  0x1'f079


*******************************************************************************
*** INIT TABLE
***

          Address      Size
          -------      ----
Zero (__iar_zero_init3)
    1 destination range, total size 0x128:
          0x1fff'0e60  0x128



*******************************************************************************
*** MODULE SUMMARY
***

    Module               ro code  rw code  ro data  rw data
    ------               -------  -------  -------  -------
command line/config:
    -------------------------------------------------------
    Total:

C:\Users\65767\Desktop\smartcar\my_proj(1)\Prj\IAR\DZ10_Debug\Obj: [1]
    MK60_PIT.o               124                64
    MK60_SysTick.o            96                68
    MK60_adc.o               532                64
    MK60_conf.o              320             1 948    1 800
    MK60_dma.o               584                64
    MK60_flash.o                      356      424
    MK60_ftm.o             1 380                76       24
    MK60_gpio.o              312                84       20
    MK60_mcg.o               936       72      144       72
    MK60_port.o              184                20       20
    MK60_uart.o              556                88       24
    MK60_wdog.o               64
    VCAN_LED.o               128                 4        4
    VCAN_OV7725_Eagle.o      536               274      106
    VCAN_SCCB.o              834
    VCAN_camera.o            152                 2
    VCAN_key.o               164                 8        8
    k60_camera.o             328
    k60_motor.o              200
    k60_pid.o                120
    k60_servo.o               92
    main.o                   732                20      188
    misc.o                    80                60
    startup_MK60DZ10.o         8
    system_MK60DZ10.o        280                         12
    vectors.o                                1 040
    -------------------------------------------------------
    Total:                 8 742      428    4 452    2 278

dl7M_tlf.a: [2]
    abort.o                    6
    exit.o                     4
    low_level_init.o           4
    printf.o                  40
    putchar.o                 12
    xfail_s.o                 64                          4
    xfiles.o                                    72      152
    xlocale_c.o                8                60       56
    xprintflarge_nomb.o    3 118
    xprout.o                  22
    -------------------------------------------------------
    Total:                 3 278               132      212

m7M_tl.a: [3]
    DblAdd.o                 362
    DblCmpLe.o                46
    DblDiv.o                 582
    DblMul.o                 418
    DblSub.o                 226
    DblToU32.o                40
    FltAdd.o                 226
    FltCmpGe.o                36
    FltCmpLe.o                36
    FltDiv.o                 252
    FltMul.o                 216
    FltSub.o                 128
    FltToDbl.o                72
    FltToS32.o                42
    S32ToFlt.o                36
    U32ToDbl.o                26
    U32ToFlt.o                28
    frexp.o                  112
    -------------------------------------------------------
    Total:                 2 884

rt7M_tl.a: [4]
    ABImemcpy.o              166
    I64DivMod.o              560
    I64DivZer.o                2
    XXexit.o                  12
    cexit.o                   10
    cmain.o                   30
    cstartup_M.o              12
    data_init.o               40
    memchr.o                  88
    strchr.o                  22
    strlen.o                  54
    zero_init3.o              58
    -------------------------------------------------------
    Total:                 1 054

    Gaps                      30                 2
    Linker created            24       16       34
-----------------------------------------------------------
    Grand Total:          16 012      444    4 620    2 490


*******************************************************************************
*** ENTRY LIST
***

Entry                       Address   Size  Type      Object
-----                       -------   ----  ----      ------
.bss$$Base              0x1fff'0e60          --   Gb  - Linker created -
.bss$$Limit             0x1fff'0f88          --   Gb  - Linker created -
.data$$Base             0x1fff'0410          --   Gb  - Linker created -
.data$$Limit            0x1fff'0ca4          --   Gb  - Linker created -
.data_init$$Base             0x1b80          --   Gb  - Linker created -
.data_init$$Limit            0x2414          --   Gb  - Linker created -
.iar.init_table$$Base        0x4f78          --   Gb  - Linker created -
.iar.init_table$$Limit       0x4f88          --   Gb  - Linker created -
?main                        0x4fc9         Code  Gb  cmain.o [4]
ASSERT_FAILED_STR            0x4f0c   0x24  Data  Gb  MK60_conf.o [1]
CodeRelocate$$Base           0x4950          --   Gb  - Linker created -
CodeRelocate$$Limit          0x4b0c          --   Gb  - Linker created -
CodeRelocateRam$$Base   0x1fff'0ca4          --   Gb  - Linker created -
CodeRelocateRam$$Limit  0x1fff'0e60          --   Gb  - Linker created -
DMA0_IRQHandler              0x3a59    0x8  Code  Gb  main.o [1]
FTM2_INPUT_IRQHandler        0x39a1   0x3a  Code  Gb  main.o [1]
FTMN                    0x1fff'0b1c    0xc  Data  Gb  MK60_ftm.o [1]
FTM_port_mux                 0x2415  0x114  Code  Lc  MK60_ftm.o [1]
Find_Midline                 0x418d   0x36  Code  Gb  k60_camera.o [1]
GPIOX                   0x1fff'0b28   0x14  Data  Gb  MK60_gpio.o [1]
KEY_PTxn                0x1fff'0bb0    0x8  Data  Gb  VCAN_key.o [1]
LED_PTxn                0x1fff'0bb8    0x4  Data  Gb  VCAN_LED.o [1]
LoadInt                       0x5bd   0x7a  Code  Lc  xprintflarge_nomb.o [2]
MakeUpWhiteIslands_W         0x41c3   0x74  Code  Gb  k60_camera.o [1]
NVIC_DisableIRQ              0x3ef3   0x16  Code  Lc  VCAN_OV7725_Eagle.o [1]
NVIC_EnableIRQ               0x3785   0x16  Code  Lc  main.o [1]
NVIC_EnableIRQ               0x3edd   0x16  Code  Lc  VCAN_OV7725_Eagle.o [1]
NVIC_SystemReset             0x2a41   0x18  Code  Lc  MK60_conf.o [1]
PID_compute_1                0x3b51   0x54  Code  Gb  k60_pid.o [1]
PID_init                     0x3b2d   0x24  Code  Gb  k60_pid.o [1]
PORTA_IRQHandler             0x39dd   0x1e  Code  Gb  main.o [1]
PORTX                   0x1fff'0b84   0x14  Data  Gb  MK60_port.o [1]
Region$$Table$$Base          0x4f78          --   Gb  - Linker created -
Region$$Table$$Limit         0x4f88          --   Gb  - Linker created -
Reset_Handler                 0x411         Code  Gb  startup_MK60DZ10.o [1]
SCCB_Ack                     0x3505   0x38  Code  Lc  VCAN_SCCB.o [1]
SCCB_GPIO_init               0x345b   0x28  Code  Gb  VCAN_SCCB.o [1]
SCCB_NoAck                   0x353d   0x38  Code  Lc  VCAN_SCCB.o [1]
SCCB_ReadByte                0x36cb   0x2e  Code  Gb  VCAN_SCCB.o [1]
SCCB_ReadByte_one            0x36f9   0x8a  Code  Lc  VCAN_SCCB.o [1]
SCCB_ReceiveByte             0x35f9   0x50  Code  Lc  VCAN_SCCB.o [1]
SCCB_SendByte                0x35b7   0x42  Code  Lc  VCAN_SCCB.o [1]
SCCB_Start                   0x3483   0x52  Code  Lc  VCAN_SCCB.o [1]
SCCB_Stop                    0x34d5   0x30  Code  Lc  VCAN_SCCB.o [1]
SCCB_WaitAck                 0x3575   0x42  Code  Lc  VCAN_SCCB.o [1]
SCCB_WriteByte               0x3659   0x2a  Code  Gb  VCAN_SCCB.o [1]
SCCB_WriteByte_one           0x3683   0x48  Code  Lc  VCAN_SCCB.o [1]
SCCB_delay                   0x3441   0x1a  Code  Lc  VCAN_SCCB.o [1]
UARTN                   0x1fff'0b98   0x18  Data  Gb  MK60_uart.o [1]
_GenldLargeNoMb               0xd65  0x24c  Code  Lc  xprintflarge_nomb.o [2]
_LdtobLargeNoMb               0xaff  0x23e  Code  Lc  xprintflarge_nomb.o [2]
_LitobLargeNoMb               0x9a7  0x112  Code  Lc  xprintflarge_nomb.o [2]
_Locale_lconv           0x1fff'0c20   0x38  Data  Lc  xlocale_c.o [2]
_PrintfLargeNoMb              0x419  0x19e  Code  Gb  xprintflarge_nomb.o [2]
_Prout                       0x502d   0x16  Code  Gb  xprout.o [2]
_PutcharsLargeNoMb            0xfb1   0x2e  Code  Lc  xprintflarge_nomb.o [2]
_PutfldLargeNoMb              0x637  0x264  Code  Lc  xprintflarge_nomb.o [2]
_PuttxtLargeNoMb              0x89b  0x10c  Code  Lc  xprintflarge_nomb.o [2]
__BOOT_STACK_ADDRESS {Abs}
                        0x2000'fff8         Data  Gb  <internal module>
__VECTOR_RAM {Abs}      0x1fff'0000         Data  Gb  <internal module>
__VECTOR_TABLE {Abs}            0x0         Data  Gb  <internal module>
__aeabi_cdcmple              0x1655         Code  Gb  DblCmpLe.o [3]
__aeabi_cfcmple              0x43b9         Code  Gb  FltCmpLe.o [3]
__aeabi_cfrcmple             0x43dd         Code  Gb  FltCmpGe.o [3]
__aeabi_d2uiz                0x18cd         Code  Gb  DblToU32.o [3]
__aeabi_ddiv                 0x1685         Code  Gb  DblDiv.o [3]
__aeabi_dmul                 0x1399         Code  Gb  DblMul.o [3]
__aeabi_dsub                 0x1911         Code  Gb  DblSub.o [3]
__aeabi_f2d                  0x461d         Code  Gb  FltToDbl.o [3]
__aeabi_f2iz                 0x4401         Code  Gb  FltToS32.o [3]
__aeabi_fadd                 0x42d5         Code  Gb  FltAdd.o [3]
__aeabi_fdiv                 0x4521         Code  Gb  FltDiv.o [3]
__aeabi_fmul                 0x4449         Code  Gb  FltMul.o [3]
__aeabi_fsub                 0x4665         Code  Gb  FltSub.o [3]
__aeabi_i2f                  0x46e5         Code  Gb  S32ToFlt.o [3]
__aeabi_ldiv0                0x1a05         Code  Gb  I64DivZer.o [4]
__aeabi_memcpy               0x153d         Code  Gb  ABImemcpy.o [4]
__aeabi_memcpy4              0x155d         Code  Gb  ABImemcpy.o [4]
__aeabi_memcpy8              0x155d         Code  Gb  ABImemcpy.o [4]
__aeabi_ui2d                 0x18f5         Code  Gb  U32ToDbl.o [3]
__aeabi_ui2f                 0x442d         Code  Gb  U32ToFlt.o [3]
__aeabi_uldivmod             0x1169         Code  Gb  I64DivMod.o [4]
__cmain                      0x4fc9         Code  Gb  cmain.o [4]
__code_start__ {Abs}          0x410         Data  Gb  <internal module>
__exit                       0x1b75         Code  Gb  XXexit.o [4]
__iar_Fail_s                 0x1099   0x1c  Code  Gb  xfail_s.o [2]
__iar_Memchr                 0x1111         Code  Gb  memchr.o [4]
__iar_Stdout            0x1fff'0c58   0x48  Data  Gb  xfiles.o [2]
__iar_Strchr                 0x1081         Code  Gb  strchr.o [4]
__iar_dadd                   0x1921         Code  Gb  DblSub.o [3]
__iar_data_init3             0x4ee5   0x28  Code  Gb  data_init.o [4]
__iar_dsub                   0x1a09         Code  Gb  DblAdd.o [3]
__iar_dsubStart              0x1a1b         Code  Gb  DblAdd.o [3]
__iar_fadd                   0x4671         Code  Gb  FltSub.o [3]
__iar_frexp                  0x15f1         Code  Gb  frexp.o [3]
__iar_frexp64                0x15e5         Code  Gb  frexp.o [3]
__iar_frexpl                 0x15f1         Code  Gb  frexp.o [3]
__iar_fsub                   0x42e1         Code  Gb  FltAdd.o [3]
__iar_fsubStart              0x42f1         Code  Gb  FltAdd.o [3]
__iar_program_start          0x5089         Code  Gb  cstartup_M.o [4]
__iar_zero_init3             0x1047   0x3a  Code  Gb  zero_init3.o [4]
__low_level_init             0x4fe7    0x4  Code  Gb  low_level_init.o [2]
__vector_table                  0x0  0x410  Data  Gb  vectors.o [1]
_call_main                   0x4fd5         Code  Gb  cmain.o [4]
_exit                        0x4ff1         Code  Gb  cexit.o [4]
_main                        0x4fe3         Code  Gb  cmain.o [4]
abort                        0x19fd    0x6  Code  Gb  abort.o [2]
adc_init                     0x3ba5  0x202  Code  Gb  MK60_adc.o [1]
ahead_speed             0x1fff'0410    0x4  Data  Gb  main.o [1]
assert_failed                0x2a59   0x26  Code  Gb  MK60_conf.o [1]
bus_clk_khz             0x1fff'0f2c    0x4  Data  Gb  system_MK60DZ10.o [1]
c_PID                   0x1fff'0ea8   0x24  Data  Gb  main.o [1]
c_err                   0x1fff'0ecc    0x8  Data  Gb  main.o [1]
calc_camera_err              0x424d   0x7e  Code  Gb  k60_camera.o [1]
common_startup               0x4b67   0x84  Code  Gb  system_MK60DZ10.o [1]
core_clk_khz            0x1fff'0f24    0x4  Data  Gb  system_MK60DZ10.o [1]
core_clk_mhz            0x1fff'0f28    0x4  Data  Gb  system_MK60DZ10.o [1]
countL                  0x1fff'0f10    0x4  Data  Gb  main.o [1]
countR                  0x1fff'0f14    0x4  Data  Gb  main.o [1]
default_isr                  0x2b2f   0x32  Code  Gb  MK60_conf.o [1]
dma_gpio_input_init          0x4709   0x5c  Code  Lc  MK60_dma.o [1]
dma_portx2buff_init          0x4765  0x1b6  Code  Gb  MK60_dma.o [1]
exit                         0x4feb    0x4  Code  Gb  exit.o [2]
f_midline               0x1fff'0ed4   0x3c  Data  Gb  main.o [1]
final_midline                0x4237   0x16  Code  Gb  k60_camera.o [1]
flash_cmd               0x1fff'0cb5   0x1c  Code  Gb  MK60_flash.o [1]
flash_erase_sector      0x1fff'0cfb   0x58  Code  Gb  MK60_flash.o [1]
flash_init              0x1fff'0cd1   0x2a  Code  Gb  MK60_flash.o [1]
flash_write             0x1fff'0d53   0x96  Code  Gb  MK60_flash.o [1]
fputc                        0x2a7f   0x14  Code  Gb  MK60_conf.o [1]
frexp                        0x15e5         Code  Gb  frexp.o [3]
frexpl                       0x15e5         Code  Gb  frexp.o [3]
ftm_input_init               0x27a9  0x1b8  Code  Gb  MK60_ftm.o [1]
ftm_mod                 0x1fff'0f18    0xc  Data  Lc  MK60_ftm.o [1]
ftm_pwm_duty                 0x26b3   0xf6  Code  Gb  MK60_ftm.o [1]
ftm_pwm_init                 0x2529  0x18a  Code  Gb  MK60_ftm.o [1]
gpio_get                     0x3049   0x3c  Code  Gb  MK60_gpio.o [1]
gpio_init                    0x2f59   0xb6  Code  Gb  MK60_gpio.o [1]
gpio_turn                    0x300f   0x3a  Code  Gb  MK60_gpio.o [1]
img_extract                  0x40f5   0x94  Code  Gb  VCAN_camera.o [1]
key_check                    0x2f29   0x2a  Code  Gb  VCAN_key.o [1]
key_get                      0x2f0d   0x1c  Code  Gb  VCAN_key.o [1]
key_init                     0x2eb5   0x58  Code  Gb  VCAN_key.o [1]
led_init                     0x2b81   0x40  Code  Gb  VCAN_LED.o [1]
led_turn                     0x2bc1   0x38  Code  Gb  VCAN_LED.o [1]
lm_PID                  0x1fff'0e84   0x24  Data  Gb  main.o [1]
localeconv                   0x19f5    0x4  Code  Gb  xlocale_c.o [2]
main                         0x379b   0xee  Code  Gb  main.o [1]
mcg_cfg                 0x1fff'0b3c   0x44  Data  Gb  MK60_mcg.o [1]
mcg_div                 0x1fff'0b80    0x4  Data  Gb  MK60_mcg.o [1]
mcg_div_count                0x3099  0x2f4  Code  Gb  MK60_mcg.o [1]
memchr                       0x1111         Code  Gb  memchr.o [4]
motor_init                   0x3e15   0x40  Code  Gb  k60_motor.o [1]
obuf                    0x1fff'0f38   0x50  Data  Lc  xfiles.o [2]
ov7725_eagle_cfgnum     0x1fff'0ca1    0x1  Data  Gb  VCAN_OV7725_Eagle.o [1]
ov7725_eagle_dma             0x3fb1   0x12  Code  Gb  VCAN_OV7725_Eagle.o [1]
ov7725_eagle_get_img         0x3fc3   0x36  Code  Gb  VCAN_OV7725_Eagle.o [1]
ov7725_eagle_img_buff   0x1fff'0f30    0x4  Data  Gb  VCAN_OV7725_Eagle.o [1]
ov7725_eagle_img_flag   0x1fff'0ca0    0x1  Data  Gb  VCAN_OV7725_Eagle.o [1]
ov7725_eagle_init            0x3f09   0x18  Code  Gb  VCAN_OV7725_Eagle.o [1]
ov7725_eagle_port_init       0x3f21   0x50  Code  Lc  VCAN_OV7725_Eagle.o [1]
ov7725_eagle_reg        0x1fff'0bbc   0x64  Data  Gb  VCAN_OV7725_Eagle.o [1]
ov7725_eagle_reg_init        0x3ff9   0xae  Code  Lc  VCAN_OV7725_Eagle.o [1]
ov7725_eagle_vsync           0x3f71   0x40  Code  Gb  VCAN_OV7725_Eagle.o [1]
pit_5ms                      0x3889  0x116  Code  Gb  main.o [1]
pit_init                     0x3a61   0x6c  Code  Gb  MK60_PIT.o [1]
pll_init                     0x338d   0x96  Code  Gb  MK60_mcg.o [1]
port_init                    0x2979   0x48  Code  Gb  MK60_port.o [1]
port_init_NoALT              0x29c1   0x68  Code  Gb  MK60_port.o [1]
printf                       0x2c01   0x28  Code  Gb  printf.o [2]
putchar                      0x5045    0xc  Code  Gb  putchar.o [2]
rm_PID                  0x1fff'0e60   0x24  Data  Gb  main.o [1]
scale                         0xab9   0x46  Code  Lc  xprintflarge_nomb.o [2]
sec_hand                0x1fff'0f34    0x4  Data  Lc  xfail_s.o [2]
servo_init                   0x3db9   0x12  Code  Gb  k60_servo.o [1]
set_left_speed               0x3e55   0x40  Code  Gb  k60_motor.o [1]
set_right_speed              0x3e95   0x40  Code  Gb  k60_motor.o [1]
set_servo_angle              0x3dcb   0x42  Code  Gb  k60_servo.o [1]
set_sys_dividers        0x1fff'0e19   0x48  Code  Gb  MK60_mcg.o [1]
set_vector_handler           0x3aff   0x22  Code  Gb  misc.o [1]
start                        0x4b0d   0x22  Code  Gb  system_MK60DZ10.o [1]
start_check                  0x2a93   0x9c  Code  Gb  MK60_conf.o [1]
strchr                       0x1081         Code  Gb  strchr.o [4]
strlen                       0x10d9         Code  Gb  strlen.o [4]
sysinit                      0x4b2f   0x38  Code  Gb  system_MK60DZ10.o [1]
systick_delay                0x2c29   0x32  Code  Gb  MK60_SysTick.o [1]
systick_delay_ms             0x2c5b   0x18  Code  Gb  MK60_SysTick.o [1]
uart_init                    0x2c89  0x1f6  Code  Gb  MK60_uart.o [1]
uart_putchar                 0x2e7f   0x1c  Code  Gb  MK60_uart.o [1]
vector_str              0x1fff'0414  0x708  Data  Gb  MK60_conf.o [1]
wdog_disable                 0x4c25   0x14  Code  Gb  MK60_wdog.o [1]
wdog_unlock                  0x4c39   0x20  Code  Lc  MK60_wdog.o [1]
write_vtor                   0x3add   0x22  Code  Gb  misc.o [1]


[1] = C:\Users\65767\Desktop\smartcar\my_proj(1)\Prj\IAR\DZ10_Debug\Obj
[2] = dl7M_tlf.a
[3] = m7M_tl.a
[4] = rt7M_tl.a

  16 012 bytes of readonly  code memory
     444 bytes of readwrite code memory
   4 620 bytes of readonly  data memory
   2 490 bytes of readwrite data memory

Errors: none
Warnings: none
