###############################################################################
#
# IAR ELF Linker V8.30.1.114/W32 for ARM                  31/Mar/2019  15:41:51
# Copyright 2007-2018 IAR Systems AB.
#
#    Output file  =  
#        C:\Users\65767\Desktop\smartcar\offical_module\four-wheeler-master\Prj\IAR\DZ10_Debug\Exe\vcan_Kinetis.out
#    Map file     =  
#        C:\Users\65767\Desktop\smartcar\offical_module\four-wheeler-master\Prj\IAR\DZ10_Debug\List\vcan_Kinetis.map
#    Command line =  
#        -f C:\Users\65767\AppData\Local\Temp\EW211B.tmp
#        (C:\Users\65767\Desktop\smartcar\offical_module\four-wheeler-master\Prj\IAR\DZ10_Debug\Obj\camera.o
#        C:\Users\65767\Desktop\smartcar\offical_module\four-wheeler-master\Prj\IAR\DZ10_Debug\Obj\electromagnetism.o
#        C:\Users\65767\Desktop\smartcar\offical_module\four-wheeler-master\Prj\IAR\DZ10_Debug\Obj\main.o
#        C:\Users\65767\Desktop\smartcar\offical_module\four-wheeler-master\Prj\IAR\DZ10_Debug\Obj\misc.o
#        C:\Users\65767\Desktop\smartcar\offical_module\four-wheeler-master\Prj\IAR\DZ10_Debug\Obj\MK60_adc.o
#        C:\Users\65767\Desktop\smartcar\offical_module\four-wheeler-master\Prj\IAR\DZ10_Debug\Obj\MK60_conf.o
#        C:\Users\65767\Desktop\smartcar\offical_module\four-wheeler-master\Prj\IAR\DZ10_Debug\Obj\MK60_dac.o
#        C:\Users\65767\Desktop\smartcar\offical_module\four-wheeler-master\Prj\IAR\DZ10_Debug\Obj\MK60_dma.o
#        C:\Users\65767\Desktop\smartcar\offical_module\four-wheeler-master\Prj\IAR\DZ10_Debug\Obj\MK60_DWT.o
#        C:\Users\65767\Desktop\smartcar\offical_module\four-wheeler-master\Prj\IAR\DZ10_Debug\Obj\MK60_flash.o
#        C:\Users\65767\Desktop\smartcar\offical_module\four-wheeler-master\Prj\IAR\DZ10_Debug\Obj\MK60_ftm.o
#        C:\Users\65767\Desktop\smartcar\offical_module\four-wheeler-master\Prj\IAR\DZ10_Debug\Obj\MK60_gpio.o
#        C:\Users\65767\Desktop\smartcar\offical_module\four-wheeler-master\Prj\IAR\DZ10_Debug\Obj\MK60_i2c.o
#        C:\Users\65767\Desktop\smartcar\offical_module\four-wheeler-master\Prj\IAR\DZ10_Debug\Obj\MK60_it.o
#        C:\Users\65767\Desktop\smartcar\offical_module\four-wheeler-master\Prj\IAR\DZ10_Debug\Obj\MK60_lptmr.o
#        C:\Users\65767\Desktop\smartcar\offical_module\four-wheeler-master\Prj\IAR\DZ10_Debug\Obj\MK60_mcg.o
#        C:\Users\65767\Desktop\smartcar\offical_module\four-wheeler-master\Prj\IAR\DZ10_Debug\Obj\MK60_PIT.o
#        C:\Users\65767\Desktop\smartcar\offical_module\four-wheeler-master\Prj\IAR\DZ10_Debug\Obj\MK60_port.o
#        C:\Users\65767\Desktop\smartcar\offical_module\four-wheeler-master\Prj\IAR\DZ10_Debug\Obj\MK60_rtc.o
#        C:\Users\65767\Desktop\smartcar\offical_module\four-wheeler-master\Prj\IAR\DZ10_Debug\Obj\MK60_spi.o
#        C:\Users\65767\Desktop\smartcar\offical_module\four-wheeler-master\Prj\IAR\DZ10_Debug\Obj\MK60_SysTick.o
#        C:\Users\65767\Desktop\smartcar\offical_module\four-wheeler-master\Prj\IAR\DZ10_Debug\Obj\MK60_uart.o
#        C:\Users\65767\Desktop\smartcar\offical_module\four-wheeler-master\Prj\IAR\DZ10_Debug\Obj\MK60_wdog.o
#        C:\Users\65767\Desktop\smartcar\offical_module\four-wheeler-master\Prj\IAR\DZ10_Debug\Obj\motor.o
#        C:\Users\65767\Desktop\smartcar\offical_module\four-wheeler-master\Prj\IAR\DZ10_Debug\Obj\startup_MK60DZ10.o
#        C:\Users\65767\Desktop\smartcar\offical_module\four-wheeler-master\Prj\IAR\DZ10_Debug\Obj\steering_engine.o
#        C:\Users\65767\Desktop\smartcar\offical_module\four-wheeler-master\Prj\IAR\DZ10_Debug\Obj\system_MK60DZ10.o
#        C:\Users\65767\Desktop\smartcar\offical_module\four-wheeler-master\Prj\IAR\DZ10_Debug\Obj\VCAN_camera.o
#        C:\Users\65767\Desktop\smartcar\offical_module\four-wheeler-master\Prj\IAR\DZ10_Debug\Obj\VCAN_computer.o
#        C:\Users\65767\Desktop\smartcar\offical_module\four-wheeler-master\Prj\IAR\DZ10_Debug\Obj\VCAN_key.o
#        C:\Users\65767\Desktop\smartcar\offical_module\four-wheeler-master\Prj\IAR\DZ10_Debug\Obj\VCAN_LED.o
#        C:\Users\65767\Desktop\smartcar\offical_module\four-wheeler-master\Prj\IAR\DZ10_Debug\Obj\VCAN_MMA7455.o
#        C:\Users\65767\Desktop\smartcar\offical_module\four-wheeler-master\Prj\IAR\DZ10_Debug\Obj\VCAN_NRF24L0.o
#        C:\Users\65767\Desktop\smartcar\offical_module\four-wheeler-master\Prj\IAR\DZ10_Debug\Obj\VCAN_OV7725_Eagle.o
#        C:\Users\65767\Desktop\smartcar\offical_module\four-wheeler-master\Prj\IAR\DZ10_Debug\Obj\VCAN_RTC_count.o
#        C:\Users\65767\Desktop\smartcar\offical_module\four-wheeler-master\Prj\IAR\DZ10_Debug\Obj\VCAN_SCCB.o
#        C:\Users\65767\Desktop\smartcar\offical_module\four-wheeler-master\Prj\IAR\DZ10_Debug\Obj\vectors.o
#        --redirect _Printf=_PrintfLargeNoMb --redirect _Scanf=_ScanfLargeNoMb
#        --no_out_extension -o
#        C:\Users\65767\Desktop\smartcar\offical_module\four-wheeler-master\Prj\IAR\DZ10_Debug\Exe\vcan_Kinetis.out
#        --map
#        C:\Users\65767\Desktop\smartcar\offical_module\four-wheeler-master\Prj\IAR\DZ10_Debug\List\vcan_Kinetis.map
#        --config
#        "C:\Users\65767\Desktop\smartcar\offical_module\four-wheeler-master\Prj\IAR\config
#        files\vcan_ROM_K60N512.icf"
#        C:\Users\65767\Desktop\smartcar\offical_module\four-wheeler-master\Prj\IAR\..\..\Lib\CMSIS\iar_cortexM4l_math.a
#        --entry __iar_program_start --vfe --text_out locale)
#
###############################################################################

*******************************************************************************
*** RUNTIME MODEL ATTRIBUTES
***

CppFlavor       = *
__SystemLibrary = DLib
__dlib_version  = 6


*******************************************************************************
*** HEAP SELECTION
***

The basic heap was selected because no calls to memory allocation
functions were found in the application outside of system library
functions, and there are calls to deallocation functions in the
application.


*******************************************************************************
*** PLACEMENT SUMMARY
***

"A0":  place at 0x0 { ro section .intvec };
"A1":  place at 0x410 { ro section .noinit };
define block CodeRelocate { section .textrw_init };
"P1":  place in [from 0x0 to 0x8'0000] { ro, block CodeRelocate };
define block CodeRelocateRam { section .textrw };
define block CSTACK with size = 4K, alignment = 8 { };
define block HEAP with size = 2K, alignment = 8 { };
"P2":  place in [from 0x1fff'0410 to 0x2001'0000] {
          rw, block CodeRelocateRam, block CSTACK, block HEAP };
initialize manually with packing = copy, complex ranges { section .data };
initialize manually with packing = copy, complex ranges { section .textrw };

  Section              Kind         Address    Size  Object
  -------              ----         -------    ----  ------
"A0":                                         0x410
  .intvec              const            0x0   0x410  vectors.o [1]
                                    - 0x410   0x410

"A1":                                           0x8
  .noinit              ro code        0x410     0x8  startup_MK60DZ10.o [1]
                                    - 0x418     0x8

"P1":                                        0x4140
  .text                ro code        0x418   0xc2e  xprintflarge_nomb.o [2]
  .text                ro code       0x1046    0x3a  zero_init3.o [4]
  .text                ro code       0x1080    0x16  strchr.o [4]
  .rodata              const         0x1096     0x2  VCAN_camera.o [1]
  .text                ro code       0x1098    0x40  xfail_s.o [2]
  .text                ro code       0x10d8    0x36  strlen.o [4]
  .rodata              const         0x110e     0x2  VCAN_camera.o [1]
  .text                ro code       0x1110    0x58  memchr.o [4]
  .text                ro code       0x1168   0x230  I64DivMod.o [4]
  .text                ro code       0x1398   0x1a2  DblMul.o [3]
  .rodata              const         0x153a     0x2  VCAN_computer.o [1]
  .text                ro code       0x153c    0xa6  ABImemcpy.o [4]
  .rodata              const         0x15e2     0x2  VCAN_computer.o [1]
  .text                ro code       0x15e4    0x70  frexp.o [3]
  .text                ro code       0x1654    0x2e  DblCmpLe.o [3]
  .text                ro code       0x1684   0x246  DblDiv.o [3]
  .text                ro code       0x18cc    0x28  DblToU32.o [3]
  .text                ro code       0x18f4    0x1a  U32ToDbl.o [3]
  .text                ro code       0x1910    0xe2  DblSub.o [3]
  .text                ro code       0x19f4     0x8  xlocale_c.o [2]
  .text                ro code       0x19fc     0x6  abort.o [2]
  .text                ro code       0x1a04     0x2  I64DivZer.o [4]
  .text                ro code       0x1a08   0x16a  DblAdd.o [3]
  .text                ro code       0x1b74     0xc  XXexit.o [4]
  .data_init                         0x1b80   0x890  <Block>
    Initializer bytes  const         0x1b80   0x890  <for .data-1>
  Veneer               ro code       0x2410     0x8  - Linker created -
  .text                ro code       0x2418   0x3a8  MK60_mcg.o [1]
  .text                ro code       0x27c0   0x394  MK60_ftm.o [1]
  .text                ro code       0x2b54    0xb8  MK60_port.o [1]
  Veneer               ro code       0x2c0c     0x8  - Linker created -
  Veneer               ro code       0x2c14     0x8  - Linker created -
  .text                ro code       0x2c1c   0x140  MK60_conf.o [1]
  .text                ro code       0x2d5c    0x80  VCAN_LED.o [1]
  .text                ro code       0x2ddc    0x28  printf.o [2]
  .text                ro code       0x2e04    0x60  MK60_SysTick.o [1]
  .text                ro code       0x2e64   0x250  MK60_uart.o [1]
  .text                ro code       0x30b4    0xa4  VCAN_key.o [1]
  .text                ro code       0x3158   0x138  MK60_gpio.o [1]
  .text                ro code       0x3290   0x342  VCAN_SCCB.o [1]
  .text                ro code       0x35d4   0x248  MK60_dma.o [1]
  .text                ro code       0x381c   0x218  VCAN_OV7725_Eagle.o [1]
  .text                ro code       0x3a34   0x1ac  VCAN_camera.o [1]
  CodeRelocate                       0x3be0   0x1bc  <Block>
    Initializer bytes  const         0x3be0   0x1bc  <for CodeRelocateRam-1>
  .text                ro code       0x3d9c   0x118  system_MK60DZ10.o [1]
  .text                ro code       0x3eb4    0x40  MK60_wdog.o [1]
  .text                ro code       0x3ef4    0xc0  main.o [1]
  .text                ro code       0x3fb4    0x50  misc.o [1]
  .text                ro code       0x4004    0xc6  camera.o [1]
  .text                ro code       0x40cc    0x40  VCAN_computer.o [1]
  .rodata              const         0x410c    0x5c  MK60_flash.o [1]
  .rodata              const         0x4168    0x5c  MK60_SysTick.o [1]
  .rodata              const         0x41c4    0x58  MK60_dma.o [1]
  .rodata              const         0x421c    0x58  MK60_ftm.o [1]
  .rodata              const         0x4274    0x58  MK60_gpio.o [1]
  .rodata              const         0x42cc    0x58  MK60_uart.o [1]
  .rodata              const         0x4324    0x54  misc.o [1]
  .rodata              const         0x4378    0x3c  MK60_conf.o [1]
  .text                ro code       0x43b4    0x28  data_init.o [4]
  .rodata              const         0x43dc    0x24  MK60_conf.o [1]
  .rodata              const         0x4400    0x24  VCAN_OV7725_Eagle.o [1]
  .rodata              const         0x4424    0x24  VCAN_OV7725_Eagle.o [1]
  .iar.init_table      const         0x4448    0x10  - Linker created -
  .rodata              const         0x4458    0x20  MK60_conf.o [1]
  .rodata              const         0x4478    0x20  VCAN_OV7725_Eagle.o [1]
  .text                ro code       0x4498    0x1e  cmain.o [4]
  .text                ro code       0x44b6     0x4  low_level_init.o [2]
  .text                ro code       0x44ba     0x4  exit.o [2]
  .text                ro code       0x44c0     0xa  cexit.o [4]
  .rodata              const         0x44cc    0x18  VCAN_OV7725_Eagle.o [1]
  .rodata              const         0x44e4    0x18  VCAN_OV7725_Eagle.o [1]
  .text                ro code       0x44fc    0x16  xprout.o [2]
  .text                ro code       0x4514     0xc  putchar.o [2]
  .rodata              const         0x4520    0x14  MK60_conf.o [1]
  .rodata              const         0x4534    0x14  VCAN_OV7725_Eagle.o [1]
  .text                ro code       0x4548     0xc  cstartup_M.o [4]
  .rodata              const         0x4554     0x4  xlocale_c.o [2]
  .rodata              const         0x4558     0x0  zero_init3.o [4]
                                   - 0x4558  0x4140

"P2", part 1 of 2:                            0xa4c
  .data                         0x1fff'0410   0x890  <Block>
    .data-1                     0x1fff'0410   0x88e  <Init block>
      .data            inited   0x1fff'0410   0x708  MK60_conf.o [1]
      .data            inited   0x1fff'0b18     0xc  MK60_ftm.o [1]
      .data            inited   0x1fff'0b24    0x14  MK60_gpio.o [1]
      .data            inited   0x1fff'0b38    0x44  MK60_mcg.o [1]
      .data            inited   0x1fff'0b7c     0x4  MK60_mcg.o [1]
      .data            inited   0x1fff'0b80    0x14  MK60_port.o [1]
      .data            inited   0x1fff'0b94    0x18  MK60_uart.o [1]
      .data            inited   0x1fff'0bac     0x8  VCAN_key.o [1]
      .data            inited   0x1fff'0bb4     0x4  VCAN_LED.o [1]
      .data            inited   0x1fff'0bb8    0x64  VCAN_OV7725_Eagle.o [1]
      .data            inited   0x1fff'0c1c    0x38  xlocale_c.o [2]
      .data            inited   0x1fff'0c54    0x48  xfiles.o [2]
      .data            inited   0x1fff'0c9c     0x1  VCAN_OV7725_Eagle.o [1]
      .data            inited   0x1fff'0c9d     0x1  VCAN_OV7725_Eagle.o [1]
  CodeRelocateRam               0x1fff'0ca0   0x1bc  <Block>
    CodeRelocateRam-1           0x1fff'0ca0   0x1bc  <Init block>
      Veneer           inited   0x1fff'0ca0     0x8  - Linker created -
      Veneer           inited   0x1fff'0ca8     0x8  - Linker created -
      .textrw          inited   0x1fff'0cb0   0x164  MK60_flash.o [1]
      .textrw          inited   0x1fff'0e14    0x48  MK60_mcg.o [1]
                              - 0x1fff'0e5c   0xa4c

"P2", part 2 of 2:                           0x181c
  .bss                          0x1fff'0e5c  0x181c  <Block>
    .bss               zero     0x1fff'0e5c    0x3c  main.o [1]
    .bss               zero     0x1fff'0e98   0x258  main.o [1]
    .bss               zero     0x1fff'10f0   0x258  main.o [1]
    .bss               zero     0x1fff'1348  0x12c0  main.o [1]
    .bss               zero     0x1fff'2608     0xc  MK60_ftm.o [1]
    .bss               zero     0x1fff'2614     0x4  system_MK60DZ10.o [1]
    .bss               zero     0x1fff'2618     0x4  system_MK60DZ10.o [1]
    .bss               zero     0x1fff'261c     0x4  system_MK60DZ10.o [1]
    .bss               zero     0x1fff'2620     0x4  VCAN_OV7725_Eagle.o [1]
    .bss               zero     0x1fff'2624     0x4  xfail_s.o [2]
    .bss               zero     0x1fff'2628    0x50  xfiles.o [2]
                              - 0x1fff'2678  0x181c

Unused ranges:

         From           To      Size
         ----           --      ----
       0x4558     0x8'0000  0x7'baa9
  0x1fff'2678  0x2001'0000  0x1'd989


*******************************************************************************
*** INIT TABLE
***

          Address      Size
          -------      ----
Zero (__iar_zero_init3)
    1 destination range, total size 0x181c:
          0x1fff'0e5c  0x181c



*******************************************************************************
*** MODULE SUMMARY
***

    Module               ro code  rw code  ro data  rw data
    ------               -------  -------  -------  -------
command line/config:
    -------------------------------------------------------
    Total:

C:\Users\65767\Desktop\smartcar\offical_module\four-wheeler-master\Prj\IAR\DZ10_Debug\Obj: [1]
    MK60_SysTick.o            96                92
    MK60_conf.o              320             1 948    1 800
    MK60_dma.o               584                88
    MK60_flash.o                      356      448
    MK60_ftm.o               916               100       24
    MK60_gpio.o              312               108       20
    MK60_mcg.o               936       72      144       72
    MK60_port.o              184                20       20
    MK60_uart.o              592               112       24
    MK60_wdog.o               64
    VCAN_LED.o               128                 4        4
    VCAN_OV7725_Eagle.o      536               274      106
    VCAN_SCCB.o              834
    VCAN_camera.o            428                 4
    VCAN_computer.o           64                 4
    VCAN_key.o               164                 8        8
    camera.o                 198
    main.o                   192                      6 060
    misc.o                    80                84
    startup_MK60DZ10.o         8
    system_MK60DZ10.o        280                         12
    vectors.o                                1 040
    -------------------------------------------------------
    Total:                 6 916      428    4 478    8 150

dl7M_tlf.a: [2]
    abort.o                    6
    exit.o                     4
    low_level_init.o           4
    printf.o                  40
    putchar.o                 12
    xfail_s.o                 64                          4
    xfiles.o                                    72      152
    xlocale_c.o                8                60       56
    xprintflarge_nomb.o    3 118
    xprout.o                  22
    -------------------------------------------------------
    Total:                 3 278               132      212

m7M_tl.a: [3]
    DblAdd.o                 362
    DblCmpLe.o                46
    DblDiv.o                 582
    DblMul.o                 418
    DblSub.o                 226
    DblToU32.o                40
    U32ToDbl.o                26
    frexp.o                  112
    -------------------------------------------------------
    Total:                 1 812

rt7M_tl.a: [4]
    ABImemcpy.o              166
    I64DivMod.o              560
    I64DivZer.o                2
    XXexit.o                  12
    cexit.o                   10
    cmain.o                   30
    cstartup_M.o              12
    data_init.o               40
    memchr.o                  88
    strchr.o                  22
    strlen.o                  54
    zero_init3.o              58
    -------------------------------------------------------
    Total:                 1 054

    Gaps                      22                 2
    Linker created            24       16       34
-----------------------------------------------------------
    Grand Total:          13 106      444    4 646    8 362


*******************************************************************************
*** ENTRY LIST
***

Entry                       Address    Size  Type      Object
-----                       -------    ----  ----      ------
.bss$$Base              0x1fff'0e5c           --   Gb  - Linker created -
.bss$$Limit             0x1fff'2678           --   Gb  - Linker created -
.data$$Base             0x1fff'0410           --   Gb  - Linker created -
.data$$Limit            0x1fff'0ca0           --   Gb  - Linker created -
.data_init$$Base             0x1b80           --   Gb  - Linker created -
.data_init$$Limit            0x2410           --   Gb  - Linker created -
.iar.init_table$$Base        0x4448           --   Gb  - Linker created -
.iar.init_table$$Limit       0x4458           --   Gb  - Linker created -
?main                        0x4499          Code  Gb  cmain.o [4]
ASSERT_FAILED_STR            0x43dc    0x24  Data  Gb  MK60_conf.o [1]
CodeRelocate$$Base           0x3be0           --   Gb  - Linker created -
CodeRelocate$$Limit          0x3d9c           --   Gb  - Linker created -
CodeRelocateRam$$Base   0x1fff'0ca0           --   Gb  - Linker created -
CodeRelocateRam$$Limit  0x1fff'0e5c           --   Gb  - Linker created -
DMA0_IRQHandler              0x3fad     0x8  Code  Gb  main.o [1]
FTMN                    0x1fff'0b18     0xc  Data  Gb  MK60_ftm.o [1]
FTM_port_mux                 0x27c1   0x114  Code  Lc  MK60_ftm.o [1]
Find_Midline                 0x4005    0x36  Code  Gb  camera.o [1]
GPIOX                   0x1fff'0b24    0x14  Data  Gb  MK60_gpio.o [1]
KEY_PTxn                0x1fff'0bac     0x8  Data  Gb  VCAN_key.o [1]
LED_PTxn                0x1fff'0bb4     0x4  Data  Gb  VCAN_LED.o [1]
LoadInt                       0x5bd    0x7a  Code  Lc  xprintflarge_nomb.o [2]
MakeUpWhiteIslands_W         0x403b    0x74  Code  Gb  camera.o [1]
NVIC_DisableIRQ              0x3833    0x16  Code  Lc  VCAN_OV7725_Eagle.o [1]
NVIC_EnableIRQ               0x381d    0x16  Code  Lc  VCAN_OV7725_Eagle.o [1]
NVIC_SystemReset             0x2c1d    0x18  Code  Lc  MK60_conf.o [1]
PORTA_IRQHandler             0x3f79    0x20  Code  Gb  main.o [1]
PORTX                   0x1fff'0b80    0x14  Data  Gb  MK60_port.o [1]
Paint_Midline                0x40af    0x1c  Code  Gb  camera.o [1]
Region$$Table$$Base          0x4448           --   Gb  - Linker created -
Region$$Table$$Limit         0x4458           --   Gb  - Linker created -
Reset_Handler                 0x411          Code  Gb  startup_MK60DZ10.o [1]
SCCB_Ack                     0x3355    0x38  Code  Lc  VCAN_SCCB.o [1]
SCCB_GPIO_init               0x32ab    0x28  Code  Gb  VCAN_SCCB.o [1]
SCCB_NoAck                   0x338d    0x38  Code  Lc  VCAN_SCCB.o [1]
SCCB_ReadByte                0x351b    0x2e  Code  Gb  VCAN_SCCB.o [1]
SCCB_ReadByte_one            0x3549    0x8a  Code  Lc  VCAN_SCCB.o [1]
SCCB_ReceiveByte             0x3449    0x50  Code  Lc  VCAN_SCCB.o [1]
SCCB_SendByte                0x3407    0x42  Code  Lc  VCAN_SCCB.o [1]
SCCB_Start                   0x32d3    0x52  Code  Lc  VCAN_SCCB.o [1]
SCCB_Stop                    0x3325    0x30  Code  Lc  VCAN_SCCB.o [1]
SCCB_WaitAck                 0x33c5    0x42  Code  Lc  VCAN_SCCB.o [1]
SCCB_WriteByte               0x34a9    0x2a  Code  Gb  VCAN_SCCB.o [1]
SCCB_WriteByte_one           0x34d3    0x48  Code  Lc  VCAN_SCCB.o [1]
SCCB_delay                   0x3291    0x1a  Code  Lc  VCAN_SCCB.o [1]
UARTN                   0x1fff'0b94    0x18  Data  Gb  MK60_uart.o [1]
_GenldLargeNoMb               0xd65   0x24c  Code  Lc  xprintflarge_nomb.o [2]
_LdtobLargeNoMb               0xaff   0x23e  Code  Lc  xprintflarge_nomb.o [2]
_LitobLargeNoMb               0x9a7   0x112  Code  Lc  xprintflarge_nomb.o [2]
_Locale_lconv           0x1fff'0c1c    0x38  Data  Lc  xlocale_c.o [2]
_PrintfLargeNoMb              0x419   0x19e  Code  Gb  xprintflarge_nomb.o [2]
_Prout                       0x44fd    0x16  Code  Gb  xprout.o [2]
_PutcharsLargeNoMb            0xfb1    0x2e  Code  Lc  xprintflarge_nomb.o [2]
_PutfldLargeNoMb              0x637   0x264  Code  Lc  xprintflarge_nomb.o [2]
_PuttxtLargeNoMb              0x89b   0x10c  Code  Lc  xprintflarge_nomb.o [2]
__BOOT_STACK_ADDRESS {Abs}
                        0x2000'fff8          Data  Gb  <internal module>
__VECTOR_RAM {Abs}      0x1fff'0000          Data  Gb  <internal module>
__VECTOR_TABLE {Abs}            0x0          Data  Gb  <internal module>
__aeabi_cdcmple              0x1655          Code  Gb  DblCmpLe.o [3]
__aeabi_d2uiz                0x18cd          Code  Gb  DblToU32.o [3]
__aeabi_ddiv                 0x1685          Code  Gb  DblDiv.o [3]
__aeabi_dmul                 0x1399          Code  Gb  DblMul.o [3]
__aeabi_dsub                 0x1911          Code  Gb  DblSub.o [3]
__aeabi_ldiv0                0x1a05          Code  Gb  I64DivZer.o [4]
__aeabi_memcpy               0x153d          Code  Gb  ABImemcpy.o [4]
__aeabi_memcpy4              0x155d          Code  Gb  ABImemcpy.o [4]
__aeabi_memcpy8              0x155d          Code  Gb  ABImemcpy.o [4]
__aeabi_ui2d                 0x18f5          Code  Gb  U32ToDbl.o [3]
__aeabi_uldivmod             0x1169          Code  Gb  I64DivMod.o [4]
__cmain                      0x4499          Code  Gb  cmain.o [4]
__code_start__ {Abs}          0x410          Data  Gb  <internal module>
__exit                       0x1b75          Code  Gb  XXexit.o [4]
__iar_Fail_s                 0x1099    0x1c  Code  Gb  xfail_s.o [2]
__iar_Memchr                 0x1111          Code  Gb  memchr.o [4]
__iar_Stdout            0x1fff'0c54    0x48  Data  Gb  xfiles.o [2]
__iar_Strchr                 0x1081          Code  Gb  strchr.o [4]
__iar_dadd                   0x1921          Code  Gb  DblSub.o [3]
__iar_data_init3             0x43b5    0x28  Code  Gb  data_init.o [4]
__iar_dsub                   0x1a09          Code  Gb  DblAdd.o [3]
__iar_dsubStart              0x1a1b          Code  Gb  DblAdd.o [3]
__iar_frexp                  0x15f1          Code  Gb  frexp.o [3]
__iar_frexp64                0x15e5          Code  Gb  frexp.o [3]
__iar_frexpl                 0x15f1          Code  Gb  frexp.o [3]
__iar_program_start          0x4549          Code  Gb  cstartup_M.o [4]
__iar_zero_init3             0x1047    0x3a  Code  Gb  zero_init3.o [4]
__low_level_init             0x44b7     0x4  Code  Gb  low_level_init.o [2]
__vector_table                  0x0   0x410  Data  Gb  vectors.o [1]
_call_main                   0x44a5          Code  Gb  cmain.o [4]
_exit                        0x44c1          Code  Gb  cexit.o [4]
_main                        0x44b3          Code  Gb  cmain.o [4]
abort                        0x19fd     0x6  Code  Gb  abort.o [2]
assert_failed                0x2c35    0x26  Code  Gb  MK60_conf.o [1]
bus_clk_khz             0x1fff'261c     0x4  Data  Gb  system_MK60DZ10.o [1]
common_startup               0x3df7    0x84  Code  Gb  system_MK60DZ10.o [1]
core_clk_khz            0x1fff'2614     0x4  Data  Gb  system_MK60DZ10.o [1]
core_clk_mhz            0x1fff'2618     0x4  Data  Gb  system_MK60DZ10.o [1]
default_isr                  0x2d0b    0x32  Code  Gb  MK60_conf.o [1]
dma_gpio_input_init          0x35d5    0x5c  Code  Lc  MK60_dma.o [1]
dma_portx2buff_init          0x3631   0x1b6  Code  Gb  MK60_dma.o [1]
exit                         0x44bb     0x4  Code  Gb  exit.o [2]
flash_cmd               0x1fff'0cb1    0x1c  Code  Gb  MK60_flash.o [1]
flash_erase_sector      0x1fff'0cf7    0x58  Code  Gb  MK60_flash.o [1]
flash_init              0x1fff'0ccd    0x2a  Code  Gb  MK60_flash.o [1]
flash_write             0x1fff'0d4f    0x96  Code  Gb  MK60_flash.o [1]
fputc                        0x2c5b    0x14  Code  Gb  MK60_conf.o [1]
frexp                        0x15e5          Code  Gb  frexp.o [3]
frexpl                       0x15e5          Code  Gb  frexp.o [3]
ftm_mod                 0x1fff'2608     0xc  Data  Lc  MK60_ftm.o [1]
ftm_pwm_duty                 0x2a59    0xe4  Code  Gb  MK60_ftm.o [1]
ftm_pwm_init                 0x28d5   0x184  Code  Gb  MK60_ftm.o [1]
gpio_get                     0x3249    0x3c  Code  Gb  MK60_gpio.o [1]
gpio_init                    0x3159    0xb6  Code  Gb  MK60_gpio.o [1]
gpio_turn                    0x320f    0x3a  Code  Gb  MK60_gpio.o [1]
img                     0x1fff'1348  0x12c0  Data  Gb  main.o [1]
img_compress                 0x3ac9   0x110  Code  Gb  VCAN_camera.o [1]
img_extract                  0x3a35    0x94  Code  Gb  VCAN_camera.o [1]
imgbuff                 0x1fff'10f0   0x258  Data  Gb  main.o [1]
imgcompress             0x1fff'0e98   0x258  Data  Gb  main.o [1]
key_check                    0x3129    0x2a  Code  Gb  VCAN_key.o [1]
key_get                      0x310d    0x1c  Code  Gb  VCAN_key.o [1]
key_init                     0x30b5    0x58  Code  Gb  VCAN_key.o [1]
led_init                     0x2d5d    0x40  Code  Gb  VCAN_LED.o [1]
led_turn                     0x2d9d    0x38  Code  Gb  VCAN_LED.o [1]
localeconv                   0x19f5     0x4  Code  Gb  xlocale_c.o [2]
main                         0x3ef5    0x84  Code  Gb  main.o [1]
mcg_cfg                 0x1fff'0b38    0x44  Data  Gb  MK60_mcg.o [1]
mcg_div                 0x1fff'0b7c     0x4  Data  Gb  MK60_mcg.o [1]
mcg_div_count                0x2419   0x2f4  Code  Gb  MK60_mcg.o [1]
memchr                       0x1111          Code  Gb  memchr.o [4]
midline                 0x1fff'0e5c    0x3c  Data  Gb  main.o [1]
obuf                    0x1fff'2628    0x50  Data  Lc  xfiles.o [2]
ov7725_eagle_cfgnum     0x1fff'0c9d     0x1  Data  Gb  VCAN_OV7725_Eagle.o [1]
ov7725_eagle_dma             0x38f1    0x12  Code  Gb  VCAN_OV7725_Eagle.o [1]
ov7725_eagle_get_img         0x3903    0x36  Code  Gb  VCAN_OV7725_Eagle.o [1]
ov7725_eagle_img_buff   0x1fff'2620     0x4  Data  Gb  VCAN_OV7725_Eagle.o [1]
ov7725_eagle_img_flag   0x1fff'0c9c     0x1  Data  Gb  VCAN_OV7725_Eagle.o [1]
ov7725_eagle_init            0x3849    0x18  Code  Gb  VCAN_OV7725_Eagle.o [1]
ov7725_eagle_port_init       0x3861    0x50  Code  Lc  VCAN_OV7725_Eagle.o [1]
ov7725_eagle_reg        0x1fff'0bb8    0x64  Data  Gb  VCAN_OV7725_Eagle.o [1]
ov7725_eagle_reg_init        0x3939    0xae  Code  Lc  VCAN_OV7725_Eagle.o [1]
ov7725_eagle_vsync           0x38b1    0x40  Code  Gb  VCAN_OV7725_Eagle.o [1]
pll_init                     0x270d    0x96  Code  Gb  MK60_mcg.o [1]
port_init                    0x2b55    0x48  Code  Gb  MK60_port.o [1]
port_init_NoALT              0x2b9d    0x68  Code  Gb  MK60_port.o [1]
printf                       0x2ddd    0x28  Code  Gb  printf.o [2]
putchar                      0x4515     0xc  Code  Gb  putchar.o [2]
scale                         0xab9    0x46  Code  Lc  xprintflarge_nomb.o [2]
sec_hand                0x1fff'2624     0x4  Data  Lc  xfail_s.o [2]
set_sys_dividers        0x1fff'0e15    0x48  Code  Gb  MK60_mcg.o [1]
set_vector_handler           0x3fd7    0x22  Code  Gb  misc.o [1]
start                        0x3d9d    0x22  Code  Gb  system_MK60DZ10.o [1]
start_check                  0x2c6f    0x9c  Code  Gb  MK60_conf.o [1]
strchr                       0x1081          Code  Gb  strchr.o [4]
strlen                       0x10d9          Code  Gb  strlen.o [4]
sysinit                      0x3dbf    0x38  Code  Gb  system_MK60DZ10.o [1]
systick_delay                0x2e05    0x32  Code  Gb  MK60_SysTick.o [1]
systick_delay_ms             0x2e37    0x18  Code  Gb  MK60_SysTick.o [1]
uart_init                    0x2e65   0x1f6  Code  Gb  MK60_uart.o [1]
uart_putbuff                 0x3077    0x26  Code  Gb  MK60_uart.o [1]
uart_putchar                 0x305b    0x1c  Code  Gb  MK60_uart.o [1]
vcan_sendimg                 0x40cd    0x38  Code  Gb  VCAN_computer.o [1]
vector_str              0x1fff'0410   0x708  Data  Gb  MK60_conf.o [1]
wdog_disable                 0x3eb5    0x14  Code  Gb  MK60_wdog.o [1]
wdog_unlock                  0x3ec9    0x20  Code  Lc  MK60_wdog.o [1]
write_vtor                   0x3fb5    0x22  Code  Gb  misc.o [1]


[1] = C:\Users\65767\Desktop\smartcar\offical_module\four-wheeler-master\Prj\IAR\DZ10_Debug\Obj
[2] = dl7M_tlf.a
[3] = m7M_tl.a
[4] = rt7M_tl.a

  13 106 bytes of readonly  code memory
     444 bytes of readwrite code memory
   4 646 bytes of readonly  data memory
   8 362 bytes of readwrite data memory

Errors: none
Warnings: none
